Macro.hx:21: main
Macro.hx:21: _hx_new
Main.hx:4: abc
